// Jest Snapshot v1, https://goo.gl/fbAQLP

exports[`PAccordion rendering renders PAccordion 1`] = `
<div>
  <p-button-stub
    class="PAccordionBtn"
  />
  <transition-stub>
    <!--v-if-->
  </transition-stub>
</div>
`;

exports[`PAccordion rendering renders expanded accordion with label 1`] = `
<div>
  <button
    class="PButton PAccordionBtn"
    id="pAccordionBtn"
  >
    
    <span>
      Accordion Label
    </span>
    <span>
      -
    </span>
    
  </button>
  <transition-stub>
    
    
    I am the innards of the accordion
    
    
  </transition-stub>
</div>
`;
